// Jest Snapshot v1, https://goo.gl/fbAQLP

exports[`Storyshots List/List Of Activities List Of Activities 1`] = `
Array [
  " ",
  <div
    style={
      Object {
        "--background": "2, 40, 60",
        "--highlight": "255,  202,  16",
        "--opacity-1": 0.1,
        "--opacity-7": 0.7,
        "--primary": "206, 180, 249",
        "--secondary": "189, 231, 255",
        "--tertiary": "176, 239, 165",
        "--text": "245, 245, 245",
        "0.1": "--opacity-1",
        "0.7": "--opacity-7",
      }
    }
  >
     
    <ul
      className="container"
    >
      <span
        style={
          Object {
            "display": "flex",
            "gap": "1rem",
          }
        }
      >
        <li
          className="list_item"
        >
          Task 1
        </li>
        <span
          style={
            Object {
              "cursor": "pointer",
            }
          }
        >
          Remove
        </span>
        <a
          href="/activities/update/2022-04-11"
          onClick={[Function]}
        >
          Update
        </a>
      </span>
    </ul>
     
  </div>,
  " ",
]
`;
