// Jest Snapshot v1, https://goo.gl/fbAQLP

exports[`Storyshots List/List Of Activities List Of Activities 1`] = `
Array [
  " ",
  " ",
  <div
    style={
      Object {
        "--background": "2, 40, 60",
        "--highlight": "255,  202,  16",
        "--opacity-1": 0.1,
        "--opacity-7": 0.7,
        "--primary": "206, 180, 249",
        "--secondary": "189, 231, 255",
        "--tertiary": "176, 239, 165",
        "--text": "245, 245, 245",
        "0.1": "--opacity-1",
        "0.7": "--opacity-7",
      }
    }
  >
     
    <span
      className="app_container"
    >
       
      <div
        className="container"
      >
        <ul
          className="container"
        >
          <div
            className="container"
          >
            <span
              className="title_container"
            >
              <p
                className="title"
              >
                Task 1
              </p>
            </span>
            <span
              className="remove_container"
            >
              <span
                className="icon_container"
              >
                <svg
                  fill="none"
                  viewBox="0 0 16 16"
                  xmlns="http://www.w3.org/2000/svg"
                >
                  <path
                    d="M5.14284 5.8667C5.29439 5.8667 5.43974 5.92289 5.5469 6.02291C5.65406 6.12293 5.71427 6.25858 5.71427 6.40003V12.8C5.71427 12.9415 5.65406 13.0771 5.5469 13.1772C5.43974 13.2772 5.29439 13.3334 5.14284 13.3334C4.99129 13.3334 4.84594 13.2772 4.73878 13.1772C4.63162 13.0771 4.57141 12.9415 4.57141 12.8V6.40003C4.57141 6.25858 4.63162 6.12293 4.73878 6.02291C4.84594 5.92289 4.99129 5.8667 5.14284 5.8667V5.8667ZM7.99998 5.8667C8.15154 5.8667 8.29688 5.92289 8.40404 6.02291C8.51121 6.12293 8.57141 6.25858 8.57141 6.40003V12.8C8.57141 12.9415 8.51121 13.0771 8.40404 13.1772C8.29688 13.2772 8.15154 13.3334 7.99998 13.3334C7.84843 13.3334 7.70309 13.2772 7.59592 13.1772C7.48876 13.0771 7.42855 12.9415 7.42855 12.8V6.40003C7.42855 6.25858 7.48876 6.12293 7.59592 6.02291C7.70309 5.92289 7.84843 5.8667 7.99998 5.8667V5.8667ZM11.4286 6.40003C11.4286 6.25858 11.3684 6.12293 11.2612 6.02291C11.154 5.92289 11.0087 5.8667 10.8571 5.8667C10.7056 5.8667 10.5602 5.92289 10.4531 6.02291C10.3459 6.12293 10.2857 6.25858 10.2857 6.40003V12.8C10.2857 12.9415 10.3459 13.0771 10.4531 13.1772C10.5602 13.2772 10.7056 13.3334 10.8571 13.3334C11.0087 13.3334 11.154 13.2772 11.2612 13.1772C11.3684 13.0771 11.4286 12.9415 11.4286 12.8V6.40003Z"
                    fill="white"
                  />
                  <path
                    clip-rule="evenodd"
                    d="M15.4286 3.2C15.4286 3.4829 15.3081 3.75421 15.0938 3.95425C14.8795 4.15429 14.5888 4.26667 14.2857 4.26667H13.7143V13.8667C13.7143 14.4325 13.4735 14.9751 13.0448 15.3752C12.6161 15.7752 12.0348 16 11.4286 16H4.57141C3.9652 16 3.38382 15.7752 2.95517 15.3752C2.52651 14.9751 2.2857 14.4325 2.2857 13.8667V4.26667H1.71427C1.41116 4.26667 1.12047 4.15429 0.906146 3.95425C0.691819 3.75421 0.571411 3.4829 0.571411 3.2V2.13333C0.571411 1.85044 0.691819 1.57912 0.906146 1.37909C1.12047 1.17905 1.41116 1.06667 1.71427 1.06667H5.71427C5.71427 0.783769 5.83468 0.512458 6.049 0.312419C6.26333 0.112381 6.55402 0 6.85713 0L9.14284 0C9.44594 0 9.73663 0.112381 9.95096 0.312419C10.1653 0.512458 10.2857 0.783769 10.2857 1.06667H14.2857C14.5888 1.06667 14.8795 1.17905 15.0938 1.37909C15.3081 1.57912 15.4286 1.85044 15.4286 2.13333V3.2ZM3.56341 4.26667L3.42855 4.3296V13.8667C3.42855 14.1496 3.54896 14.4209 3.76329 14.6209C3.97762 14.821 4.26831 14.9333 4.57141 14.9333H11.4286C11.7317 14.9333 12.0223 14.821 12.2367 14.6209C12.451 14.4209 12.5714 14.1496 12.5714 13.8667V4.3296L12.4366 4.26667H3.56341ZM1.71427 3.2V2.13333H14.2857V3.2H1.71427Z"
                    fill="white"
                    fill-rule="evenodd"
                  />
                </svg>
              </span>
            </span>
          </div>
          <div
            className="container"
          >
            <span
              className="title_container"
            >
              <p
                className="title"
              >
                Task 2
              </p>
            </span>
            <span
              className="remove_container"
            >
              <span
                className="icon_container"
              >
                <svg
                  fill="none"
                  viewBox="0 0 16 16"
                  xmlns="http://www.w3.org/2000/svg"
                >
                  <path
                    d="M5.14284 5.8667C5.29439 5.8667 5.43974 5.92289 5.5469 6.02291C5.65406 6.12293 5.71427 6.25858 5.71427 6.40003V12.8C5.71427 12.9415 5.65406 13.0771 5.5469 13.1772C5.43974 13.2772 5.29439 13.3334 5.14284 13.3334C4.99129 13.3334 4.84594 13.2772 4.73878 13.1772C4.63162 13.0771 4.57141 12.9415 4.57141 12.8V6.40003C4.57141 6.25858 4.63162 6.12293 4.73878 6.02291C4.84594 5.92289 4.99129 5.8667 5.14284 5.8667V5.8667ZM7.99998 5.8667C8.15154 5.8667 8.29688 5.92289 8.40404 6.02291C8.51121 6.12293 8.57141 6.25858 8.57141 6.40003V12.8C8.57141 12.9415 8.51121 13.0771 8.40404 13.1772C8.29688 13.2772 8.15154 13.3334 7.99998 13.3334C7.84843 13.3334 7.70309 13.2772 7.59592 13.1772C7.48876 13.0771 7.42855 12.9415 7.42855 12.8V6.40003C7.42855 6.25858 7.48876 6.12293 7.59592 6.02291C7.70309 5.92289 7.84843 5.8667 7.99998 5.8667V5.8667ZM11.4286 6.40003C11.4286 6.25858 11.3684 6.12293 11.2612 6.02291C11.154 5.92289 11.0087 5.8667 10.8571 5.8667C10.7056 5.8667 10.5602 5.92289 10.4531 6.02291C10.3459 6.12293 10.2857 6.25858 10.2857 6.40003V12.8C10.2857 12.9415 10.3459 13.0771 10.4531 13.1772C10.5602 13.2772 10.7056 13.3334 10.8571 13.3334C11.0087 13.3334 11.154 13.2772 11.2612 13.1772C11.3684 13.0771 11.4286 12.9415 11.4286 12.8V6.40003Z"
                    fill="white"
                  />
                  <path
                    clip-rule="evenodd"
                    d="M15.4286 3.2C15.4286 3.4829 15.3081 3.75421 15.0938 3.95425C14.8795 4.15429 14.5888 4.26667 14.2857 4.26667H13.7143V13.8667C13.7143 14.4325 13.4735 14.9751 13.0448 15.3752C12.6161 15.7752 12.0348 16 11.4286 16H4.57141C3.9652 16 3.38382 15.7752 2.95517 15.3752C2.52651 14.9751 2.2857 14.4325 2.2857 13.8667V4.26667H1.71427C1.41116 4.26667 1.12047 4.15429 0.906146 3.95425C0.691819 3.75421 0.571411 3.4829 0.571411 3.2V2.13333C0.571411 1.85044 0.691819 1.57912 0.906146 1.37909C1.12047 1.17905 1.41116 1.06667 1.71427 1.06667H5.71427C5.71427 0.783769 5.83468 0.512458 6.049 0.312419C6.26333 0.112381 6.55402 0 6.85713 0L9.14284 0C9.44594 0 9.73663 0.112381 9.95096 0.312419C10.1653 0.512458 10.2857 0.783769 10.2857 1.06667H14.2857C14.5888 1.06667 14.8795 1.17905 15.0938 1.37909C15.3081 1.57912 15.4286 1.85044 15.4286 2.13333V3.2ZM3.56341 4.26667L3.42855 4.3296V13.8667C3.42855 14.1496 3.54896 14.4209 3.76329 14.6209C3.97762 14.821 4.26831 14.9333 4.57141 14.9333H11.4286C11.7317 14.9333 12.0223 14.821 12.2367 14.6209C12.451 14.4209 12.5714 14.1496 12.5714 13.8667V4.3296L12.4366 4.26667H3.56341ZM1.71427 3.2V2.13333H14.2857V3.2H1.71427Z"
                    fill="white"
                    fill-rule="evenodd"
                  />
                </svg>
              </span>
            </span>
          </div>
        </ul>
      </div>
       
    </span>
     
  </div>,
  " ",
  " ",
]
`;
